Modules list:
-------------
musicbox.o:
    CODE              Offs=000000  Size=00019A  Align=00001  Fill=0000
    RODATA            Offs=000000  Size=000000  Align=00001  Fill=0000
    BSS               Offs=000000  Size=000000  Align=00001  Fill=0000
    DATA              Offs=000000  Size=000000  Align=00001  Fill=0000
    ZEROPAGE          Offs=000000  Size=000000  Align=00001  Fill=0000
    NULL              Offs=000000  Size=000000  Align=00001  Fill=0000


Segment list:
-------------
Name                   Start     End    Size  Align
----------------------------------------------------
NULL                  000000  000000  000000  00001
ZEROPAGE              000000  000000  000000  00001
CODE                  000200  000399  00019A  00001
BSS                   00039A  00039A  000000  00001
DATA                  00039A  00039A  000000  00001
RODATA                00039A  00039A  000000  00001


Exports list by name:
---------------------
__BSS_LOAD__              00039A  LA    __BSS_RUN__               00039A  LA    
__BSS_SIZE__              000000  EA    __STACKSIZE__             000800 REA    
__ZP_FILEOFFS__           000000  EA    __ZP_LAST__               000000  LA    
__ZP_SIZE__               00001F  EA    __ZP_START__              000000  LA    



Exports list by value:
----------------------
__BSS_SIZE__              000000  EA    __ZP_FILEOFFS__           000000  EA    
__ZP_LAST__               000000  LA    __ZP_START__              000000  LA    
__ZP_SIZE__               00001F  EA    __BSS_LOAD__              00039A  LA    
__BSS_RUN__               00039A  LA    __STACKSIZE__             000800 REA    



Imports list:
-------------
__BSS_LOAD__ ([linker generated]):
__BSS_RUN__ ([linker generated]):
__BSS_SIZE__ ([linker generated]):
__STACKSIZE__ ([linker generated]):
    [linker generated]        /home/tranter/git/cc65/cfg/none.cfg(6)
__ZP_FILEOFFS__ ([linker generated]):
__ZP_LAST__ ([linker generated]):
__ZP_SIZE__ ([linker generated]):
__ZP_START__ ([linker generated]):

